// Jest Snapshot v1, https://goo.gl/fbAQLP

exports[`should render loginPage correctly 1`] = `
<div
  className="box-layout"
>
  <div
    className="box-layout__box"
  >
    <h1
      className="box-layout__title"
    >
      Expensy
    </h1>
    <p>
      It's time to get your expenses under control
    </p>
    <button
      className="button"
      onClick={[Function]}
    >
      <i
        className="fab fa-google"
      />
       Sign In with Google
    </button>
  </div>
</div>
`;
